BL51 BANKED LINKER/LOCATER V6.22.2.0                                                    02/14/2022  23:21:31  PAGE 1


BL51 BANKED LINKER/LOCATER V6.22.2.0, INVOKED BY:
D:\KEILC51  U5\C51\BIN\BL51.EXE .\Objects\STARTUP.obj, .\Objects\mian.obj, .\Objects\TM1637.obj TO .\Objects\TM1636_4seg
>>  PRINT (.\Listings\TM1636_4seg.m51) RAMSIZE (256)


MEMORY MODEL: SMALL


INPUT MODULES INCLUDED:
  .\Objects\STARTUP.obj (?C_STARTUP)
  .\Objects\mian.obj (MIAN)
  .\Objects\TM1637.obj (TM1637)
  D:\KEILC51  U5\C51\LIB\C51S.LIB (?C_INIT)


LINK MAP OF MODULE:  .\Objects\TM1636_4seg (?C_STARTUP)


            TYPE    BASE      LENGTH    RELOCATION   SEGMENT NAME
            -----------------------------------------------------

            * * * * * * *   D A T A   M E M O R Y   * * * * * * *
            REG     0000H     0008H     ABSOLUTE     "REG BANK 0"
            DATA    0008H     000EH     UNIT         ?DT?MIAN
            DATA    0016H     0004H     UNIT         _DATA_GROUP_
            IDATA   001AH     0001H     UNIT         ?STACK

            * * * * * * *   C O D E   M E M O R Y   * * * * * * *
            CODE    0000H     0003H     ABSOLUTE     
            CODE    0003H     0006H     UNIT         ?PR?DELAY2US?TM1637
                    0009H     0002H                  *** GAP ***
            CODE    000BH     0003H     ABSOLUTE     
            CODE    000EH     008CH     UNIT         ?C_C51STARTUP
            CODE    009AH     0041H     UNIT         ?PR?MAIN?MIAN
            CODE    00DBH     0033H     UNIT         ?PR?TM0_ISR?MIAN
            CODE    010EH     0028H     UNIT         ?PR?_DISPLAY_4SEG?TM1637
            CODE    0136H     0021H     UNIT         ?PR?_I2CWRITEBYTE?TM1637
            CODE    0157H     0017H     UNIT         ?PR?_TM1636_WRITE_DISPLAY?TM1637
            CODE    016EH     0015H     UNIT         ?PR?TIMER0INIT?MIAN
            CODE    0183H     0015H     UNIT         ?PR?_TM1636_DISCON?TM1637
            CODE    0198H     0013H     UNIT         ?C_INITSEG
            CODE    01ABH     0013H     UNIT         ?PR?_DISPLAY_1SEG?TM1637
            CODE    01BEH     0012H     UNIT         ?PR?I2CSTOP?TM1637
            CODE    01D0H     0010H     UNIT         ?PR?I2CASK?TM1637
            CODE    01E0H     000FH     UNIT         ?PR?_TM1636_SET_SEGBIT?TM1637
            CODE    01EFH     000DH     UNIT         ?PR?_TM1636_DISPLAY?TM1637
            CODE    01FCH     000AH     UNIT         ?PR?I2CSTART?TM1637
            CODE    0206H     0006H     UNIT         ?PR?DELAY5US?TM1637
            CODE    020CH     0005H     UNIT         ?PR?DELAY3US?TM1637



OVERLAY MAP OF MODULE:   .\Objects\TM1636_4seg (?C_STARTUP)


SEGMENT                                    DATA_GROUP 
  +--> CALLED SEGMENT                    START    LENGTH
--------------------------------------------------------
BL51 BANKED LINKER/LOCATER V6.22.2.0                                                  02/14/2022  23:21:31  PAGE 2


?C_C51STARTUP                            -----    -----
  +--> ?PR?MAIN?MIAN
  +--> ?C_INITSEG

?PR?MAIN?MIAN                            -----    -----
  +--> ?PR?TIMER0INIT?MIAN
  +--> ?PR?_DISPLAY_4SEG?TM1637

?PR?_DISPLAY_4SEG?TM1637                 0016H    0004H
  +--> ?PR?_TM1636_WRITE_DISPLAY?TM1637
  +--> ?PR?_TM1636_DISPLAY?TM1637
  +--> ?PR?_TM1636_DISCON?TM1637

?PR?_TM1636_WRITE_DISPLAY?TM1637         -----    -----
  +--> ?PR?I2CSTART?TM1637
  +--> ?PR?_I2CWRITEBYTE?TM1637
  +--> ?PR?I2CASK?TM1637
  +--> ?PR?I2CSTOP?TM1637

?PR?I2CSTART?TM1637                      -----    -----
  +--> ?PR?DELAY2US?TM1637

?PR?_I2CWRITEBYTE?TM1637                 -----    -----
  +--> ?PR?DELAY3US?TM1637

?PR?I2CASK?TM1637                        -----    -----
  +--> ?PR?DELAY5US?TM1637
  +--> ?PR?DELAY2US?TM1637

?PR?I2CSTOP?TM1637                       -----    -----
  +--> ?PR?DELAY2US?TM1637

?PR?_TM1636_DISPLAY?TM1637               -----    -----
  +--> ?PR?_TM1636_SET_SEGBIT?TM1637
  +--> ?PR?_I2CWRITEBYTE?TM1637
  +--> ?PR?I2CASK?TM1637

?PR?_TM1636_SET_SEGBIT?TM1637            -----    -----
  +--> ?PR?I2CSTART?TM1637
  +--> ?PR?_I2CWRITEBYTE?TM1637
  +--> ?PR?I2CASK?TM1637

?PR?_TM1636_DISCON?TM1637                -----    -----
  +--> ?PR?I2CSTOP?TM1637
  +--> ?PR?I2CSTART?TM1637
  +--> ?PR?_I2CWRITEBYTE?TM1637
  +--> ?PR?I2CASK?TM1637



SYMBOL TABLE OF MODULE:  .\Objects\TM1636_4seg (?C_STARTUP)

  VALUE           TYPE          NAME
  ----------------------------------

  -------         MODULE        ?C_STARTUP
  C:000EH         SEGMENT       ?C_C51STARTUP
BL51 BANKED LINKER/LOCATER V6.22.2.0                                                  02/14/2022  23:21:31  PAGE 3


  I:001AH         SEGMENT       ?STACK
  C:0000H         PUBLIC        ?C_STARTUP
  D:00E0H         SYMBOL        ACC
  D:00F0H         SYMBOL        B
  D:0083H         SYMBOL        DPH
  D:0082H         SYMBOL        DPL
  N:0000H         SYMBOL        IBPSTACK
  N:0100H         SYMBOL        IBPSTACKTOP
  N:0080H         SYMBOL        IDATALEN
  C:0011H         SYMBOL        IDATALOOP
  N:0000H         SYMBOL        PBPSTACK
  N:0100H         SYMBOL        PBPSTACKTOP
  N:0000H         SYMBOL        PDATALEN
  N:0000H         SYMBOL        PDATASTART
  N:0000H         SYMBOL        PPAGE
  N:0000H         SYMBOL        PPAGEENABLE
  D:00A0H         SYMBOL        PPAGE_SFR
  D:0081H         SYMBOL        SP
  C:000EH         SYMBOL        STARTUP1
  N:0000H         SYMBOL        XBPSTACK
  N:0000H         SYMBOL        XBPSTACKTOP
  N:0000H         SYMBOL        XDATALEN
  N:0000H         SYMBOL        XDATASTART
  C:0000H         LINE#         126
  C:000EH         LINE#         133
  C:0010H         LINE#         134
  C:0011H         LINE#         135
  C:0012H         LINE#         136
  C:0014H         LINE#         185
  C:0017H         LINE#         196
  -------         ENDMOD        ?C_STARTUP

  -------         MODULE        MIAN
  C:0000H         SYMBOL        _ICE_DUMMY_
  D:0092H         PUBLIC        P1M0
  D:0008H         PUBLIC        second
  D:0091H         PUBLIC        P1M1
  D:0080H         PUBLIC        P0
  D:0090H         PUBLIC        P1
  D:00A0H         PUBLIC        P2
  D:00B0H         PUBLIC        P3
  D:00C0H         PUBLIC        P4
  D:00C8H         PUBLIC        P5
  B:00A8H.7       PUBLIC        EA
  D:00E8H         PUBLIC        P6
  D:00F8H         PUBLIC        P7
  D:00A8H         PUBLIC        IE
  D:00B8H         PUBLIC        IP
  D:00D8H         PUBLIC        CCON
  C:009AH         PUBLIC        main
  D:0098H         PUBLIC        SCON
  D:0089H         PUBLIC        TMOD
  D:0088H         PUBLIC        TCON
  D:008EH         PUBLIC        AUXR
  D:0009H         PUBLIC        min
  B:00A8H.1       PUBLIC        ET0
  B:0088H.5       PUBLIC        TF0
BL51 BANKED LINKER/LOCATER V6.22.2.0                                                  02/14/2022  23:21:31  PAGE 4


  C:016EH         PUBLIC        Timer0Init
  D:008CH         PUBLIC        TH0
  D:008AH         PUBLIC        TL0
  D:000AH         PUBLIC        num
  B:0088H.4       PUBLIC        TR0
  D:0014H         PUBLIC        ms
  C:00DBH         PUBLIC        TM0_Isr
  D:00D0H         PUBLIC        PSW
  -------         PROC          TIMER0INIT
  C:016EH         LINE#         11
  C:016EH         LINE#         12
  C:016EH         LINE#         13
  C:0171H         LINE#         14
  C:0174H         LINE#         15
  C:0177H         LINE#         16
  C:017AH         LINE#         17
  C:017CH         LINE#         18
  C:017EH         LINE#         19
  C:0180H         LINE#         20
  C:0182H         LINE#         21
  -------         ENDPROC       TIMER0INIT
  -------         PROC          MAIN
  C:009AH         LINE#         23
  C:009AH         LINE#         24
  C:009AH         LINE#         25
  C:009DH         LINE#         26
  C:00A0H         LINE#         27
  C:00A3H         LINE#         28
  C:00A3H         LINE#         29
  C:00A3H         LINE#         30
  C:00D9H         LINE#         31
  -------         ENDPROC       MAIN
  -------         PROC          TM0_ISR
  C:00DBH         LINE#         34
  C:00DFH         LINE#         36
  C:00E7H         LINE#         37
  C:00EFH         LINE#         38
  C:00EFH         LINE#         39
  C:00F5H         LINE#         40
  C:00F7H         LINE#         41
  C:00FCH         LINE#         42
  C:00FCH         LINE#         43
  C:00FFH         LINE#         44
  C:0101H         LINE#         45
  C:0106H         LINE#         46
  C:0106H         LINE#         47
  C:0109H         LINE#         48
  C:0109H         LINE#         49
  C:0109H         LINE#         50
  C:0109H         LINE#         51
  -------         ENDPROC       TM0_ISR
  -------         ENDMOD        MIAN

  -------         MODULE        TM1637
  C:0000H         SYMBOL        _ICE_DUMMY_
  D:0080H         PUBLIC        P0
  D:0090H         PUBLIC        P1
BL51 BANKED LINKER/LOCATER V6.22.2.0                                                  02/14/2022  23:21:31  PAGE 5


  D:00A0H         PUBLIC        P2
  D:00B0H         PUBLIC        P3
  D:00C0H         PUBLIC        P4
  D:00C8H         PUBLIC        P5
  D:00E8H         PUBLIC        P6
  D:00F8H         PUBLIC        P7
  C:0003H         PUBLIC        Delay2us
  D:00A8H         PUBLIC        IE
  C:020CH         PUBLIC        Delay3us
  C:0206H         PUBLIC        Delay5us
  D:00B8H         PUBLIC        IP
  C:01E0H         PUBLIC        _Tm1636_set_segbit
  D:00D8H         PUBLIC        CCON
  D:0098H         PUBLIC        SCON
  D:0088H         PUBLIC        TCON
  C:01ABH         PUBLIC        _display_1seg
  C:010EH         PUBLIC        _display_4seg
  C:01FCH         PUBLIC        I2CStart
  B:0090H.4       PUBLIC        CLK
  B:0090H.5       PUBLIC        DIO
  C:01D0H         PUBLIC        I2CAsk
  C:0136H         PUBLIC        _I2CWriteByte
  C:01BEH         PUBLIC        I2CStop
  C:01F6H         PUBLIC        _Tm1636_display
  C:0183H         PUBLIC        _Tm1636_discon
  D:00D0H         PUBLIC        PSW
  C:0157H         PUBLIC        _Tm1636_write_display
  -------         PROC          DELAY2US
  -------         DO            
  D:0007H         SYMBOL        i
  -------         ENDDO         
  C:0003H         LINE#         3
  C:0003H         LINE#         4
  C:0003H         LINE#         6
  C:0004H         LINE#         7
  C:0006H         LINE#         8
  C:0008H         LINE#         9
  -------         ENDPROC       DELAY2US
  -------         PROC          DELAY3US
  -------         DO            
  D:0007H         SYMBOL        i
  -------         ENDDO         
  C:020CH         LINE#         10
  C:020CH         LINE#         11
  C:020CH         LINE#         13
  C:020EH         LINE#         14
  C:0210H         LINE#         15
  -------         ENDPROC       DELAY3US
  -------         PROC          DELAY5US
  -------         DO            
  D:0007H         SYMBOL        i
  -------         ENDDO         
  C:0206H         LINE#         16
  C:0206H         LINE#         17
  C:0206H         LINE#         19
  C:0207H         LINE#         20
  C:0209H         LINE#         21
BL51 BANKED LINKER/LOCATER V6.22.2.0                                                  02/14/2022  23:21:31  PAGE 6


  C:020BH         LINE#         22
  -------         ENDPROC       DELAY5US
  -------         PROC          I2CSTART
  C:01FCH         LINE#         23
  C:01FCH         LINE#         24
  C:01FCH         LINE#         25
  C:01FEH         LINE#         26
  C:0200H         LINE#         27
  C:0203H         LINE#         28
  C:0205H         LINE#         29
  -------         ENDPROC       I2CSTART
  -------         PROC          I2CASK
  C:01D0H         LINE#         30
  C:01D0H         LINE#         31
  C:01D0H         LINE#         32
  C:01D2H         LINE#         33
  C:01D5H         LINE#         34
  C:01D8H         LINE#         35
  C:01DAH         LINE#         36
  C:01DDH         LINE#         37
  C:01DFH         LINE#         38
  -------         ENDPROC       I2CASK
  -------         PROC          I2CSTOP
  C:01BEH         LINE#         39
  C:01BEH         LINE#         40
  C:01BEH         LINE#         41
  C:01C0H         LINE#         42
  C:01C3H         LINE#         43
  C:01C5H         LINE#         44
  C:01C8H         LINE#         45
  C:01CAH         LINE#         46
  C:01CDH         LINE#         47
  C:01CFH         LINE#         48
  -------         ENDPROC       I2CSTOP
  -------         PROC          _I2CWRITEBYTE
  D:0006H         SYMBOL        dat
  -------         DO            
  D:0005H         SYMBOL        i
  -------         ENDDO         
  C:0136H         LINE#         49
  C:0138H         LINE#         50
  C:0138H         LINE#         52
  C:013AH         LINE#         53
  C:013AH         LINE#         54
  C:013CH         LINE#         55
  C:0140H         LINE#         56
  C:0140H         LINE#         57
  C:0142H         LINE#         58
  C:0144H         LINE#         60
  C:0144H         LINE#         61
  C:0146H         LINE#         62
  C:0146H         LINE#         63
  C:0149H         LINE#         64
  C:014DH         LINE#         65
  C:014FH         LINE#         66
  C:0152H         LINE#         67
  C:0156H         LINE#         68
BL51 BANKED LINKER/LOCATER V6.22.2.0                                                  02/14/2022  23:21:31  PAGE 7


  -------         ENDPROC       _I2CWRITEBYTE
  -------         PROC          _TM1636_WRITE_DISPLAY
  D:0006H         SYMBOL        mode
  C:0157H         LINE#         69
  C:0159H         LINE#         70
  C:0159H         LINE#         71
  C:015CH         LINE#         72
  C:0163H         LINE#         73
  C:0168H         LINE#         74
  C:016BH         LINE#         75
  -------         ENDPROC       _TM1636_WRITE_DISPLAY
  -------         PROC          _TM1636_SET_SEGBIT
  D:0006H         SYMBOL        addr
  C:01E0H         LINE#         77
  C:01E2H         LINE#         78
  C:01E2H         LINE#         79
  C:01E5H         LINE#         80
  C:01ECH         LINE#         81
  -------         ENDPROC       _TM1636_SET_SEGBIT
  -------         PROC          L?0030
  -------         ENDPROC       L?0030
  -------         PROC          _TM1636_DISPLAY
  D:0006H         SYMBOL        num
  C:01F6H         LINE#         83
  C:01F6H         LINE#         84
  C:01F6H         LINE#         85
  C:01F9H         LINE#         86
  -------         ENDPROC       _TM1636_DISPLAY
  -------         PROC          _TM1636_DISCON
  D:0006H         SYMBOL        light
  C:0183H         LINE#         88
  C:0185H         LINE#         89
  C:0185H         LINE#         90
  C:0188H         LINE#         91
  C:018BH         LINE#         92
  C:0192H         LINE#         93
  C:0195H         LINE#         94
  -------         ENDPROC       _TM1636_DISCON
  -------         PROC          _DISPLAY_4SEG
  D:0004H         SYMBOL        G1
  D:0002H         SYMBOL        G2
  D:0003H         SYMBOL        G3
  D:0019H         SYMBOL        G4
  C:010EH         LINE#         96
  C:0112H         LINE#         97
  C:0112H         LINE#         98
  C:0117H         LINE#         99
  C:0119H         LINE#         100
  C:011CH         LINE#         101
  C:0123H         LINE#         102
  C:012AH         LINE#         103
  C:0131H         LINE#         104
  -------         ENDPROC       _DISPLAY_4SEG
  -------         PROC          _DISPLAY_1SEG
  D:0004H         SYMBOL        seg_num
  D:0002H         SYMBOL        segbit
  D:0003H         SYMBOL        light
BL51 BANKED LINKER/LOCATER V6.22.2.0                                                  02/14/2022  23:21:31  PAGE 8


  C:01ABH         LINE#         106
  C:01AFH         LINE#         107
  C:01AFH         LINE#         108
  C:01B4H         LINE#         109
  C:01B6H         LINE#         110
  C:01B9H         LINE#         111
  -------         ENDPROC       _DISPLAY_1SEG
  -------         ENDMOD        TM1637

*** WARNING L16: UNCALLED SEGMENT, IGNORED FOR OVERLAY PROCESS
    SEGMENT: ?PR?_DISPLAY_1SEG?TM1637

Program Size: data=27.0 xdata=0 code=527
LINK/LOCATE RUN COMPLETE.  1 WARNING(S),  0 ERROR(S)
