C51 COMPILER V9.57.0.0   MIAN                                                              02/15/2022 22:21:08 PAGE 1   


C51 COMPILER V9.57.0.0, COMPILATION OF MODULE MIAN
OBJECT MODULE PLACED IN .\Objects\mian.obj
COMPILER INVOKED BY: D:\KEILC51  u5\C51\BIN\C51.EXE mian.c OPTIMIZE(8,SPEED) BROWSE DEBUG OBJECTEXTEND PRINT(.\Listings\
                    -mian.lst) TABS(2) OBJECT(.\Objects\mian.obj)

line level    source

   1          #include <STC8.H>
   2          #include "TM1637.h"
   3          
   4          
   5          u8 num[10]={0x3F,0x06,0x5B,0x4F,0x66,0x6D,0x7D,0x07,0x7f,0x6F};
   6          u8 second=30;
   7          u16 ms;
   8          bit dot=0;
   9          
  10          void Timer0Init(void)                //1∫¡√Î@11.0592MHz
  11          {
  12   1        AUXR |= 0x80;
  13   1        TMOD &= 0xF0;
  14   1        TL0 = 0xCD;
  15   1        TH0 = 0xD4;
  16   1        ET0 = 1;
  17   1        EA = 1;
  18   1        TF0 = 0;
  19   1        TR0 = 1;
  20   1      }
  21          
  22          void main()
  23          {
  24   1        P1M0 = 0xff;
  25   1        P1M1 = 0xff;
  26   1        Timer0Init();
  27   1        while(1)
  28   1        {
  29   2          if(dot)
  30   2          {
  31   3            display_1seg(num[second/10]|0x80,1,2);
  32   3            display_1seg(num[second%10]|0x80,2,2);
  33   3          }
  34   2          else 
  35   2          {
  36   3            display_1seg(num[second/10],1,2);
  37   3            display_1seg(num[second%10],2,2);
  38   3          } 
  39   2        }
  40   1      }
  41          
  42          void TM0_Isr() interrupt 1
  43          {
  44   1        ms++;
  45   1        if(ms == 500)dot = ~dot;
  46   1        if(ms==1000)
  47   1        {
  48   2          dot = ~dot;
  49   2          ms=0;
  50   2          second++;
  51   2          if(second==60)
  52   2          {
  53   3            second=0;
  54   3          }
C51 COMPILER V9.57.0.0   MIAN                                                              02/15/2022 22:21:08 PAGE 2   

  55   2        }
  56   1      }


MODULE INFORMATION:   STATIC OVERLAYABLE
   CODE SIZE        =    172    ----
   CONSTANT SIZE    =   ----    ----
   XDATA SIZE       =   ----    ----
   PDATA SIZE       =   ----    ----
   DATA SIZE        =     13    ----
   IDATA SIZE       =   ----    ----
   BIT SIZE         =      1    ----
END OF MODULE INFORMATION.


C51 COMPILATION COMPLETE.  0 WARNING(S),  0 ERROR(S)
