BL51 BANKED LINKER/LOCATER V6.22.2.0                                                    02/15/2022  22:21:08  PAGE 1


BL51 BANKED LINKER/LOCATER V6.22.2.0, INVOKED BY:
D:\KEILC51  U5\C51\BIN\BL51.EXE .\Objects\STARTUP.obj, .\Objects\mian.obj, .\Objects\TM1637.obj TO .\Objects\TM1636_4seg
>>  PRINT (.\Listings\TM1636_4seg.m51) RAMSIZE (256)


MEMORY MODEL: SMALL


INPUT MODULES INCLUDED:
  .\Objects\STARTUP.obj (?C_STARTUP)
  .\Objects\mian.obj (MIAN)
  .\Objects\TM1637.obj (TM1637)
  D:\KEILC51  U5\C51\LIB\C51S.LIB (?C_INIT)


LINK MAP OF MODULE:  .\Objects\TM1636_4seg (?C_STARTUP)


            TYPE    BASE      LENGTH    RELOCATION   SEGMENT NAME
            -----------------------------------------------------

            * * * * * * *   D A T A   M E M O R Y   * * * * * * *
            REG     0000H     0008H     ABSOLUTE     "REG BANK 0"
            DATA    0008H     000DH     UNIT         ?DT?MIAN
            DATA    0015H     0005H     UNIT         ?DT?_DISPLAY_4SEG?TM1637
                    001AH     0006H                  *** GAP ***
            BIT     0020H.0   0000H.1   UNIT         ?BI?MIAN
                    0020H.1   0000H.7                *** GAP ***
            IDATA   0021H     0001H     UNIT         ?STACK

            * * * * * * *   C O D E   M E M O R Y   * * * * * * *
            CODE    0000H     0003H     ABSOLUTE     
            CODE    0003H     0006H     UNIT         ?PR?DELAY2US?TM1637
                    0009H     0002H                  *** GAP ***
            CODE    000BH     0003H     ABSOLUTE     
            CODE    000EH     008CH     UNIT         ?C_C51STARTUP
            CODE    009AH     0060H     UNIT         ?PR?MAIN?MIAN
            CODE    00FAH     0037H     UNIT         ?PR?TM0_ISR?MIAN
            CODE    0131H     0028H     UNIT         ?PR?_DISPLAY_4SEG?TM1637
            CODE    0159H     0021H     UNIT         ?PR?_I2CWRITEBYTE?TM1637
            CODE    017AH     0017H     UNIT         ?PR?_TM1636_WRITE_DISPLAY?TM1637
            CODE    0191H     0015H     UNIT         ?PR?TIMER0INIT?MIAN
            CODE    01A6H     0015H     UNIT         ?PR?_TM1636_DISCON?TM1637
            CODE    01BBH     0013H     UNIT         ?PR?_DISPLAY_1SEG?TM1637
            CODE    01CEH     0012H     UNIT         ?C_INITSEG
            CODE    01E0H     0012H     UNIT         ?PR?I2CSTOP?TM1637
            CODE    01F2H     0010H     UNIT         ?PR?I2CASK?TM1637
            CODE    0202H     000FH     UNIT         ?PR?_TM1636_SET_SEGBIT?TM1637
            CODE    0211H     000DH     UNIT         ?PR?_TM1636_DISPLAY?TM1637
            CODE    021EH     000AH     UNIT         ?PR?I2CSTART?TM1637
            CODE    0228H     0006H     UNIT         ?PR?DELAY5US?TM1637
            CODE    022EH     0005H     UNIT         ?PR?DELAY3US?TM1637



OVERLAY MAP OF MODULE:   .\Objects\TM1636_4seg (?C_STARTUP)


BL51 BANKED LINKER/LOCATER V6.22.2.0                                                  02/15/2022  22:21:08  PAGE 2


SEGMENT
  +--> CALLED SEGMENT
---------------------
?C_C51STARTUP
  +--> ?PR?MAIN?MIAN
  +--> ?C_INITSEG

?PR?MAIN?MIAN
  +--> ?PR?TIMER0INIT?MIAN
  +--> ?PR?_DISPLAY_1SEG?TM1637

?PR?_DISPLAY_1SEG?TM1637
  +--> ?PR?_TM1636_WRITE_DISPLAY?TM1637
  +--> ?PR?_TM1636_DISPLAY?TM1637
  +--> ?PR?_TM1636_DISCON?TM1637

?PR?_TM1636_WRITE_DISPLAY?TM1637
  +--> ?PR?I2CSTART?TM1637
  +--> ?PR?_I2CWRITEBYTE?TM1637
  +--> ?PR?I2CASK?TM1637
  +--> ?PR?I2CSTOP?TM1637

?PR?I2CSTART?TM1637
  +--> ?PR?DELAY2US?TM1637

?PR?_I2CWRITEBYTE?TM1637
  +--> ?PR?DELAY3US?TM1637

?PR?I2CASK?TM1637
  +--> ?PR?DELAY5US?TM1637
  +--> ?PR?DELAY2US?TM1637

?PR?I2CSTOP?TM1637
  +--> ?PR?DELAY2US?TM1637

?PR?_TM1636_DISPLAY?TM1637
  +--> ?PR?_TM1636_SET_SEGBIT?TM1637
  +--> ?PR?_I2CWRITEBYTE?TM1637
  +--> ?PR?I2CASK?TM1637

?PR?_TM1636_SET_SEGBIT?TM1637
  +--> ?PR?I2CSTART?TM1637
  +--> ?PR?_I2CWRITEBYTE?TM1637
  +--> ?PR?I2CASK?TM1637

?PR?_TM1636_DISCON?TM1637
  +--> ?PR?I2CSTOP?TM1637
  +--> ?PR?I2CSTART?TM1637
  +--> ?PR?_I2CWRITEBYTE?TM1637
  +--> ?PR?I2CASK?TM1637



SYMBOL TABLE OF MODULE:  .\Objects\TM1636_4seg (?C_STARTUP)

  VALUE           TYPE          NAME
  ----------------------------------
BL51 BANKED LINKER/LOCATER V6.22.2.0                                                  02/15/2022  22:21:08  PAGE 3



  -------         MODULE        ?C_STARTUP
  C:000EH         SEGMENT       ?C_C51STARTUP
  I:0021H         SEGMENT       ?STACK
  C:0000H         PUBLIC        ?C_STARTUP
  D:00E0H         SYMBOL        ACC
  D:00F0H         SYMBOL        B
  D:0083H         SYMBOL        DPH
  D:0082H         SYMBOL        DPL
  N:0000H         SYMBOL        IBPSTACK
  N:0100H         SYMBOL        IBPSTACKTOP
  N:0080H         SYMBOL        IDATALEN
  C:0011H         SYMBOL        IDATALOOP
  N:0000H         SYMBOL        PBPSTACK
  N:0100H         SYMBOL        PBPSTACKTOP
  N:0000H         SYMBOL        PDATALEN
  N:0000H         SYMBOL        PDATASTART
  N:0000H         SYMBOL        PPAGE
  N:0000H         SYMBOL        PPAGEENABLE
  D:00A0H         SYMBOL        PPAGE_SFR
  D:0081H         SYMBOL        SP
  C:000EH         SYMBOL        STARTUP1
  N:0000H         SYMBOL        XBPSTACK
  N:0000H         SYMBOL        XBPSTACKTOP
  N:0000H         SYMBOL        XDATALEN
  N:0000H         SYMBOL        XDATASTART
  C:0000H         LINE#         126
  C:000EH         LINE#         133
  C:0010H         LINE#         134
  C:0011H         LINE#         135
  C:0012H         LINE#         136
  C:0014H         LINE#         185
  C:0017H         LINE#         196
  -------         ENDMOD        ?C_STARTUP

  -------         MODULE        MIAN
  C:0000H         SYMBOL        _ICE_DUMMY_
  D:0092H         PUBLIC        P1M0
  D:0008H         PUBLIC        second
  D:0091H         PUBLIC        P1M1
  D:0080H         PUBLIC        P0
  D:0090H         PUBLIC        P1
  D:00A0H         PUBLIC        P2
  D:00B0H         PUBLIC        P3
  D:00C0H         PUBLIC        P4
  D:00C8H         PUBLIC        P5
  B:00A8H.7       PUBLIC        EA
  D:00E8H         PUBLIC        P6
  D:00F8H         PUBLIC        P7
  D:00A8H         PUBLIC        IE
  D:00B8H         PUBLIC        IP
  D:00D8H         PUBLIC        CCON
  C:009AH         PUBLIC        main
  D:0098H         PUBLIC        SCON
  D:0089H         PUBLIC        TMOD
  D:0088H         PUBLIC        TCON
  D:008EH         PUBLIC        AUXR
BL51 BANKED LINKER/LOCATER V6.22.2.0                                                  02/15/2022  22:21:08  PAGE 4


  B:0020H.0       PUBLIC        dot
  B:00A8H.1       PUBLIC        ET0
  B:0088H.5       PUBLIC        TF0
  C:0191H         PUBLIC        Timer0Init
  D:008CH         PUBLIC        TH0
  D:008AH         PUBLIC        TL0
  D:0009H         PUBLIC        num
  B:0088H.4       PUBLIC        TR0
  D:0013H         PUBLIC        ms
  C:00FAH         PUBLIC        TM0_Isr
  D:00D0H         PUBLIC        PSW
  -------         PROC          TIMER0INIT
  C:0191H         LINE#         10
  C:0191H         LINE#         11
  C:0191H         LINE#         12
  C:0194H         LINE#         13
  C:0197H         LINE#         14
  C:019AH         LINE#         15
  C:019DH         LINE#         16
  C:019FH         LINE#         17
  C:01A1H         LINE#         18
  C:01A3H         LINE#         19
  C:01A5H         LINE#         20
  -------         ENDPROC       TIMER0INIT
  -------         PROC          MAIN
  C:009AH         LINE#         22
  C:009AH         LINE#         23
  C:009AH         LINE#         24
  C:009DH         LINE#         25
  C:00A0H         LINE#         26
  C:00A3H         LINE#         27
  C:00A3H         LINE#         28
  C:00A3H         LINE#         29
  C:00A6H         LINE#         30
  C:00A6H         LINE#         31
  C:00BAH         LINE#         32
  C:00D0H         LINE#         33
  C:00D2H         LINE#         35
  C:00D2H         LINE#         36
  C:00E4H         LINE#         37
  C:00F8H         LINE#         38
  C:00F8H         LINE#         39
  -------         ENDPROC       MAIN
  -------         PROC          TM0_ISR
  C:00FAH         LINE#         42
  C:00FEH         LINE#         44
  C:0106H         LINE#         45
  C:0110H         LINE#         46
  C:011AH         LINE#         47
  C:011AH         LINE#         48
  C:011CH         LINE#         49
  C:0122H         LINE#         50
  C:0124H         LINE#         51
  C:0129H         LINE#         52
  C:0129H         LINE#         53
  C:012CH         LINE#         54
  C:012CH         LINE#         55
BL51 BANKED LINKER/LOCATER V6.22.2.0                                                  02/15/2022  22:21:08  PAGE 5


  C:012CH         LINE#         56
  -------         ENDPROC       TM0_ISR
  -------         ENDMOD        MIAN

  -------         MODULE        TM1637
  C:0000H         SYMBOL        _ICE_DUMMY_
  D:0080H         PUBLIC        P0
  D:0090H         PUBLIC        P1
  D:00A0H         PUBLIC        P2
  D:00B0H         PUBLIC        P3
  D:00C0H         PUBLIC        P4
  D:00C8H         PUBLIC        P5
  D:00E8H         PUBLIC        P6
  D:00F8H         PUBLIC        P7
  C:0003H         PUBLIC        Delay2us
  D:00A8H         PUBLIC        IE
  C:022EH         PUBLIC        Delay3us
  C:0228H         PUBLIC        Delay5us
  D:00B8H         PUBLIC        IP
  C:0202H         PUBLIC        _Tm1636_set_segbit
  D:00D8H         PUBLIC        CCON
  D:0098H         PUBLIC        SCON
  D:0088H         PUBLIC        TCON
  C:01BBH         PUBLIC        _display_1seg
  C:0131H         PUBLIC        _display_4seg
  C:021EH         PUBLIC        I2CStart
  B:0090H.5       PUBLIC        CLK
  B:0090H.4       PUBLIC        DIO
  C:01F2H         PUBLIC        I2CAsk
  C:0159H         PUBLIC        _I2CWriteByte
  C:01E0H         PUBLIC        I2CStop
  C:0218H         PUBLIC        _Tm1636_display
  C:01A6H         PUBLIC        _Tm1636_discon
  D:00D0H         PUBLIC        PSW
  C:017AH         PUBLIC        _Tm1636_write_display
  -------         PROC          DELAY2US
  -------         DO            
  D:0007H         SYMBOL        i
  -------         ENDDO         
  C:0003H         LINE#         3
  C:0003H         LINE#         4
  C:0003H         LINE#         6
  C:0004H         LINE#         7
  C:0006H         LINE#         8
  C:0008H         LINE#         9
  -------         ENDPROC       DELAY2US
  -------         PROC          DELAY3US
  -------         DO            
  D:0007H         SYMBOL        i
  -------         ENDDO         
  C:022EH         LINE#         10
  C:022EH         LINE#         11
  C:022EH         LINE#         13
  C:0230H         LINE#         14
  C:0232H         LINE#         15
  -------         ENDPROC       DELAY3US
  -------         PROC          DELAY5US
BL51 BANKED LINKER/LOCATER V6.22.2.0                                                  02/15/2022  22:21:08  PAGE 6


  -------         DO            
  D:0007H         SYMBOL        i
  -------         ENDDO         
  C:0228H         LINE#         16
  C:0228H         LINE#         17
  C:0228H         LINE#         19
  C:0229H         LINE#         20
  C:022BH         LINE#         21
  C:022DH         LINE#         22
  -------         ENDPROC       DELAY5US
  -------         PROC          I2CSTART
  C:021EH         LINE#         23
  C:021EH         LINE#         24
  C:021EH         LINE#         25
  C:0220H         LINE#         26
  C:0222H         LINE#         27
  C:0225H         LINE#         28
  C:0227H         LINE#         29
  -------         ENDPROC       I2CSTART
  -------         PROC          I2CASK
  C:01F2H         LINE#         30
  C:01F2H         LINE#         31
  C:01F2H         LINE#         32
  C:01F4H         LINE#         33
  C:01F7H         LINE#         34
  C:01FAH         LINE#         35
  C:01FCH         LINE#         36
  C:01FFH         LINE#         37
  C:0201H         LINE#         38
  -------         ENDPROC       I2CASK
  -------         PROC          I2CSTOP
  C:01E0H         LINE#         39
  C:01E0H         LINE#         40
  C:01E0H         LINE#         41
  C:01E2H         LINE#         42
  C:01E5H         LINE#         43
  C:01E7H         LINE#         44
  C:01EAH         LINE#         45
  C:01ECH         LINE#         46
  C:01EFH         LINE#         47
  C:01F1H         LINE#         48
  -------         ENDPROC       I2CSTOP
  -------         PROC          _I2CWRITEBYTE
  D:0006H         SYMBOL        dat
  -------         DO            
  D:0005H         SYMBOL        i
  -------         ENDDO         
  C:0159H         LINE#         49
  C:015BH         LINE#         50
  C:015BH         LINE#         52
  C:015DH         LINE#         53
  C:015DH         LINE#         54
  C:015FH         LINE#         55
  C:0163H         LINE#         56
  C:0163H         LINE#         57
  C:0165H         LINE#         58
  C:0167H         LINE#         60
BL51 BANKED LINKER/LOCATER V6.22.2.0                                                  02/15/2022  22:21:08  PAGE 7


  C:0167H         LINE#         61
  C:0169H         LINE#         62
  C:0169H         LINE#         63
  C:016CH         LINE#         64
  C:0170H         LINE#         65
  C:0172H         LINE#         66
  C:0175H         LINE#         67
  C:0179H         LINE#         68
  -------         ENDPROC       _I2CWRITEBYTE
  -------         PROC          _TM1636_WRITE_DISPLAY
  D:0006H         SYMBOL        mode
  C:017AH         LINE#         69
  C:017CH         LINE#         70
  C:017CH         LINE#         71
  C:017FH         LINE#         72
  C:0186H         LINE#         73
  C:018BH         LINE#         74
  C:018EH         LINE#         75
  -------         ENDPROC       _TM1636_WRITE_DISPLAY
  -------         PROC          _TM1636_SET_SEGBIT
  D:0006H         SYMBOL        addr
  C:0202H         LINE#         77
  C:0204H         LINE#         78
  C:0204H         LINE#         79
  C:0207H         LINE#         80
  C:020EH         LINE#         81
  -------         ENDPROC       _TM1636_SET_SEGBIT
  -------         PROC          L?0030
  -------         ENDPROC       L?0030
  -------         PROC          _TM1636_DISPLAY
  D:0006H         SYMBOL        num
  C:0218H         LINE#         83
  C:0218H         LINE#         84
  C:0218H         LINE#         85
  C:021BH         LINE#         86
  -------         ENDPROC       _TM1636_DISPLAY
  -------         PROC          _TM1636_DISCON
  D:0006H         SYMBOL        light
  C:01A6H         LINE#         88
  C:01A8H         LINE#         89
  C:01A8H         LINE#         90
  C:01ABH         LINE#         91
  C:01AEH         LINE#         92
  C:01B5H         LINE#         93
  C:01B8H         LINE#         94
  -------         ENDPROC       _TM1636_DISCON
  -------         PROC          _DISPLAY_4SEG
  D:0004H         SYMBOL        G1
  D:0002H         SYMBOL        G2
  D:0003H         SYMBOL        G3
  D:0018H         SYMBOL        G4
  D:0019H         SYMBOL        light
  C:0131H         LINE#         96
  C:0135H         LINE#         97
  C:0135H         LINE#         98
  C:013AH         LINE#         99
  C:013CH         LINE#         100
BL51 BANKED LINKER/LOCATER V6.22.2.0                                                  02/15/2022  22:21:08  PAGE 8


  C:013FH         LINE#         101
  C:0146H         LINE#         102
  C:014DH         LINE#         103
  C:0154H         LINE#         104
  -------         ENDPROC       _DISPLAY_4SEG
  -------         PROC          _DISPLAY_1SEG
  D:0004H         SYMBOL        seg_num
  D:0002H         SYMBOL        segbit
  D:0003H         SYMBOL        light
  C:01BBH         LINE#         106
  C:01BFH         LINE#         107
  C:01BFH         LINE#         108
  C:01C4H         LINE#         109
  C:01C6H         LINE#         110
  C:01C9H         LINE#         111
  -------         ENDPROC       _DISPLAY_1SEG
  -------         ENDMOD        TM1637

*** WARNING L16: UNCALLED SEGMENT, IGNORED FOR OVERLAY PROCESS
    SEGMENT: ?PR?_DISPLAY_4SEG?TM1637

Program Size: data=27.1 xdata=0 code=561
LINK/LOCATE RUN COMPLETE.  1 WARNING(S),  0 ERROR(S)
